// Jest Snapshot v1, https://goo.gl/fbAQLP

exports[`Sample Test Should render App without crashing 1`] = `
<App>
  <Provider
    store={
      Object {
        "dispatch": [Function],
        "getState": [Function],
        "replaceReducer": [Function],
        "subscribe": [Function],
        Symbol(observable): [Function],
      }
    }
  >
    <BrowserRouter>
      <Router
        history={
          Object {
            "action": "POP",
            "block": [Function],
            "createHref": [Function],
            "go": [Function],
            "goBack": [Function],
            "goForward": [Function],
            "length": 1,
            "listen": [Function],
            "location": Object {
              "hash": "",
              "pathname": "/",
              "search": "",
              "state": undefined,
            },
            "push": [Function],
            "replace": [Function],
          }
        }
      >
        <App>
          <BrowserRouter>
            <Router
              history={
                Object {
                  "action": "POP",
                  "block": [Function],
                  "createHref": [Function],
                  "go": [Function],
                  "goBack": [Function],
                  "goForward": [Function],
                  "length": 1,
                  "listen": [Function],
                  "location": Object {
                    "hash": "",
                    "pathname": "/",
                    "search": "",
                    "state": undefined,
                  },
                  "push": [Function],
                  "replace": [Function],
                }
              }
            >
              <Switch>
                <Route
                  component={
                    Object {
                      "$$typeof": Symbol(react.memo),
                      "WrappedComponent": [Function],
                      "compare": null,
                      "displayName": "Connect(Home)",
                      "type": [Function],
                    }
                  }
                  computedMatch={
                    Object {
                      "isExact": true,
                      "params": Object {},
                      "path": "/",
                      "url": "/",
                    }
                  }
                  exact={true}
                  location={
                    Object {
                      "hash": "",
                      "pathname": "/",
                      "search": "",
                      "state": undefined,
                    }
                  }
                  path="/"
                >
                  <Connect(Home)
                    history={
                      Object {
                        "action": "POP",
                        "block": [Function],
                        "createHref": [Function],
                        "go": [Function],
                        "goBack": [Function],
                        "goForward": [Function],
                        "length": 1,
                        "listen": [Function],
                        "location": Object {
                          "hash": "",
                          "pathname": "/",
                          "search": "",
                          "state": undefined,
                        },
                        "push": [Function],
                        "replace": [Function],
                      }
                    }
                    location={
                      Object {
                        "hash": "",
                        "pathname": "/",
                        "search": "",
                        "state": undefined,
                      }
                    }
                    match={
                      Object {
                        "isExact": true,
                        "params": Object {},
                        "path": "/",
                        "url": "/",
                      }
                    }
                  >
                    <Home
                      history={
                        Object {
                          "action": "POP",
                          "block": [Function],
                          "createHref": [Function],
                          "go": [Function],
                          "goBack": [Function],
                          "goForward": [Function],
                          "length": 1,
                          "listen": [Function],
                          "location": Object {
                            "hash": "",
                            "pathname": "/",
                            "search": "",
                            "state": undefined,
                          },
                          "push": [Function],
                          "replace": [Function],
                        }
                      }
                      location={
                        Object {
                          "hash": "",
                          "pathname": "/",
                          "search": "",
                          "state": undefined,
                        }
                      }
                      match={
                        Object {
                          "isExact": true,
                          "params": Object {},
                          "path": "/",
                          "url": "/",
                        }
                      }
                      modalToggle={[Function]}
                      page=""
                      signinDisplay="none"
                    >
                      <div
                        className="wrapper-home"
                      >
                        <HomeHeader>
                          <header>
                            <div
                              className="container-home homeHeader"
                            >
                              <div
                                className="row"
                              >
                                <div
                                  className="col-lg-6 col-sm-6 col-xs-12"
                                >
                                  <img
                                    src={
                                      Object {
                                        "process": [Function],
                                      }
                                    }
                                  />
                                </div>
                                <div
                                  className="col-lg-6 col-sm-6 col-sx-12"
                                >
                                  <nav>
                                    <ul
                                      className="home-menu"
                                    >
                                      <li>
                                        <a
                                          href=""
                                        >
                                          HOME
                                        </a>
                                      </li>
                                      <li>
                                        <a
                                          href=""
                                        >
                                          ABOUT
                                        </a>
                                      </li>
                                      <li>
                                        <a
                                          href=""
                                        >
                                          SERVICES
                                        </a>
                                      </li>
                                      <li>
                                        <a
                                          href=""
                                        >
                                          CONTACT US
                                        </a>
                                      </li>
                                    </ul>
                                  </nav>
                                </div>
                              </div>
                            </div>
                          </header>
                        </HomeHeader>
                        <Connect(HomeContent)>
                          <HomeContent
                            modalToggle={[Function]}
                            modalToggle2={[Function]}
                            signinDisplay="none"
                          >
                            <div
                              className="container-home"
                            >
                              <div
                                className="row pull-right"
                                style={
                                  Object {
                                    "justifyContent": "flex-end",
                                  }
                                }
                              >
                                <div
                                  className="col-lg-6 col-sm-6 col-xs-12 frontTitle pad-top newLook"
                                >
                                  <h1>
                                    Banking Application
                                  </h1>
                                  <p
                                    className="titleTop"
                                  >
                                    Banka is a light-weight core banking application that powers banking operations like account creation, customer deposit and withdrawals.
                                  </p>
                                  <Link
                                    className="btn btn-full btn-blue "
                                    id="sign_in"
                                    to="/signin"
                                  >
                                    <a
                                      className="btn btn-full btn-blue "
                                      href="/signin"
                                      id="sign_in"
                                      onClick={[Function]}
                                    >
                                      SIGN-IN
                                    </a>
                                  </Link>
                                </div>
                              </div>
                            </div>
                          </HomeContent>
                        </Connect(HomeContent)>
                        <HomeFooter>
                          <footer>
                            <div
                              className="container-home homeFooter"
                            >
                              <div
                                className="row"
                              >
                                <div
                                  className="col-lg-12 col-sm-12 col-xs-12 text-center"
                                  style={
                                    Object {
                                      "textAlign": "center",
                                      "width": "100%",
                                    }
                                  }
                                >
                                  Copyright © 2019 Banka Application All rights reserved
                                </div>
                              </div>
                            </div>
                          </footer>
                        </HomeFooter>
                      </div>
                    </Home>
                  </Connect(Home)>
                </Route>
              </Switch>
            </Router>
          </BrowserRouter>
        </App>
      </Router>
    </BrowserRouter>
  </Provider>
</App>
`;

exports[`Sample Test should render home without crashing 1`] = `
<App>
  <Provider
    store={
      Object {
        "dispatch": [Function],
        "getState": [Function],
        "replaceReducer": [Function],
        "subscribe": [Function],
        Symbol(observable): [Function],
      }
    }
  >
    <BrowserRouter>
      <Router
        history={
          Object {
            "action": "POP",
            "block": [Function],
            "createHref": [Function],
            "go": [Function],
            "goBack": [Function],
            "goForward": [Function],
            "length": 1,
            "listen": [Function],
            "location": Object {
              "hash": "",
              "pathname": "/",
              "search": "",
              "state": undefined,
            },
            "push": [Function],
            "replace": [Function],
          }
        }
      >
        <App>
          <BrowserRouter>
            <Router
              history={
                Object {
                  "action": "POP",
                  "block": [Function],
                  "createHref": [Function],
                  "go": [Function],
                  "goBack": [Function],
                  "goForward": [Function],
                  "length": 1,
                  "listen": [Function],
                  "location": Object {
                    "hash": "",
                    "pathname": "/",
                    "search": "",
                    "state": undefined,
                  },
                  "push": [Function],
                  "replace": [Function],
                }
              }
            >
              <Switch>
                <Route
                  component={
                    Object {
                      "$$typeof": Symbol(react.memo),
                      "WrappedComponent": [Function],
                      "compare": null,
                      "displayName": "Connect(Home)",
                      "type": [Function],
                    }
                  }
                  computedMatch={
                    Object {
                      "isExact": true,
                      "params": Object {},
                      "path": "/",
                      "url": "/",
                    }
                  }
                  exact={true}
                  location={
                    Object {
                      "hash": "",
                      "pathname": "/",
                      "search": "",
                      "state": undefined,
                    }
                  }
                  path="/"
                >
                  <Connect(Home)
                    history={
                      Object {
                        "action": "POP",
                        "block": [Function],
                        "createHref": [Function],
                        "go": [Function],
                        "goBack": [Function],
                        "goForward": [Function],
                        "length": 1,
                        "listen": [Function],
                        "location": Object {
                          "hash": "",
                          "pathname": "/",
                          "search": "",
                          "state": undefined,
                        },
                        "push": [Function],
                        "replace": [Function],
                      }
                    }
                    location={
                      Object {
                        "hash": "",
                        "pathname": "/",
                        "search": "",
                        "state": undefined,
                      }
                    }
                    match={
                      Object {
                        "isExact": true,
                        "params": Object {},
                        "path": "/",
                        "url": "/",
                      }
                    }
                  >
                    <Home
                      history={
                        Object {
                          "action": "POP",
                          "block": [Function],
                          "createHref": [Function],
                          "go": [Function],
                          "goBack": [Function],
                          "goForward": [Function],
                          "length": 1,
                          "listen": [Function],
                          "location": Object {
                            "hash": "",
                            "pathname": "/",
                            "search": "",
                            "state": undefined,
                          },
                          "push": [Function],
                          "replace": [Function],
                        }
                      }
                      location={
                        Object {
                          "hash": "",
                          "pathname": "/",
                          "search": "",
                          "state": undefined,
                        }
                      }
                      match={
                        Object {
                          "isExact": true,
                          "params": Object {},
                          "path": "/",
                          "url": "/",
                        }
                      }
                      modalToggle={[Function]}
                      page=""
                      signinDisplay="none"
                    >
                      <div
                        className="wrapper-home"
                      >
                        <HomeHeader>
                          <header>
                            <div
                              className="container-home homeHeader"
                            >
                              <div
                                className="row"
                              >
                                <div
                                  className="col-lg-6 col-sm-6 col-xs-12"
                                >
                                  <img
                                    src={
                                      Object {
                                        "process": [Function],
                                      }
                                    }
                                  />
                                </div>
                                <div
                                  className="col-lg-6 col-sm-6 col-sx-12"
                                >
                                  <nav>
                                    <ul
                                      className="home-menu"
                                    >
                                      <li>
                                        <a
                                          href=""
                                        >
                                          HOME
                                        </a>
                                      </li>
                                      <li>
                                        <a
                                          href=""
                                        >
                                          ABOUT
                                        </a>
                                      </li>
                                      <li>
                                        <a
                                          href=""
                                        >
                                          SERVICES
                                        </a>
                                      </li>
                                      <li>
                                        <a
                                          href=""
                                        >
                                          CONTACT US
                                        </a>
                                      </li>
                                    </ul>
                                  </nav>
                                </div>
                              </div>
                            </div>
                          </header>
                        </HomeHeader>
                        <Connect(HomeContent)>
                          <HomeContent
                            modalToggle={[Function]}
                            modalToggle2={[Function]}
                            signinDisplay="none"
                          >
                            <div
                              className="container-home"
                            >
                              <div
                                className="row pull-right"
                                style={
                                  Object {
                                    "justifyContent": "flex-end",
                                  }
                                }
                              >
                                <div
                                  className="col-lg-6 col-sm-6 col-xs-12 frontTitle pad-top newLook"
                                >
                                  <h1>
                                    Banking Application
                                  </h1>
                                  <p
                                    className="titleTop"
                                  >
                                    Banka is a light-weight core banking application that powers banking operations like account creation, customer deposit and withdrawals.
                                  </p>
                                  <Link
                                    className="btn btn-full btn-blue "
                                    id="sign_in"
                                    to="/signin"
                                  >
                                    <a
                                      className="btn btn-full btn-blue "
                                      href="/signin"
                                      id="sign_in"
                                      onClick={[Function]}
                                    >
                                      SIGN-IN
                                    </a>
                                  </Link>
                                </div>
                              </div>
                            </div>
                          </HomeContent>
                        </Connect(HomeContent)>
                        <HomeFooter>
                          <footer>
                            <div
                              className="container-home homeFooter"
                            >
                              <div
                                className="row"
                              >
                                <div
                                  className="col-lg-12 col-sm-12 col-xs-12 text-center"
                                  style={
                                    Object {
                                      "textAlign": "center",
                                      "width": "100%",
                                    }
                                  }
                                >
                                  Copyright © 2019 Banka Application All rights reserved
                                </div>
                              </div>
                            </div>
                          </footer>
                        </HomeFooter>
                      </div>
                    </Home>
                  </Connect(Home)>
                </Route>
              </Switch>
            </Router>
          </BrowserRouter>
        </App>
      </Router>
    </BrowserRouter>
  </Provider>
</App>
`;
